 ODDMIN
   N     -7 R   999
   N     -6 R   999
   N     -5 R   100
   N     -4 R   101
   N     -3 R   102
   N     -2 R   103
   N     -1 R   104
   N      0 R   105
   N      1 R   106
   N      2 R   107
   N      3 R   108
   N      4 R   109
   N      5 R   999
   N      6 R   999
 EVENMIN
   N     -8 R   999
   N     -7 R   999
   N     -6 R   200
   N     -5 R   201
   N     -4 R   202
   N     -3 R   203
   N     -2 R   204
   N     -1 R   205
   N      0 R   206
   N      1 R   207
   N      2 R   208
   N      3 R   209
   N      4 R   999
   N      5 R   999
 ALLNEG
   N    -14 R   999
   N    -13 R   999
   N    -12 R   300
   N    -11 R   301
   N    -10 R   302
   N     -9 R   303
   N     -8 R   304
   N     -7 R   305
   N     -6 R   306
   N     -5 R   307
   N     -4 R   308
   N     -3 R   309
   N     -2 R   999
   N     -1 R   999
 FARNEG
   N  -1002 R   999
   N  -1001 R   999
   N  -1000 R   400
   N   -999 R   401
   N   -998 R   402
   N   -997 R   403
   N   -996 R   404
   N   -995 R   405
   N   -994 R   406
   N   -993 R   407
   N   -992 R   408
   N   -991 R   409
   N   -990 R   999
   N   -989 R   999
 ODDWIDE
   N  -1001 R   999
   N  -1000 R   999
   N   -999 R   500
   N   -998 R   501
   N   -997 R   502
   N   -996 R   503
   N   -995 R   504
   N   -994 R   505
   N   -993 R   506
   N   -992 R   507
   N   -991 R   508
   N   -990 R   509
   N   -989 R   510
   N   -988 R   999
   N   -987 R   999
 GAPWIDE
   N    -11 R   999
   N    -10 R   999
   N     -9 R   600
   N     -8 R   601
   N     -7 R   602
   N     -6 R   603
   N     -5 R   999
   N     -4 R   604
   N     -3 R   605
   N     -2 R   606
   N     -1 R   607
   N      0 R   999
   N      1 R   999
 GAPFEW
   N     -9 R   999
   N     -8 R   999
   N     -7 R   700
   N     -6 R   999
   N     -5 R   701
   N     -4 R   999
   N     -3 R   702
   N     -2 R   703
   N     -1 R   704
   N      0 R   999
   N      1 R   999
 FEWNEG
   N     -5 R   999
   N     -4 R   999
   N     -3 R   800
   N     -2 R   801
   N     -1 R   802
   N      0 R   999
   N      1 R   999
